Test log message
Test log message
Test log message
Test log message
